
> coupon_campaigns@0.1.0 build
> next build

▲ Next.js 16.2.3 (Turbopack)
- Environments: .env

  Creating an optimized production build ...
  Using external babel configuration from C:\Users\abhishek.pratap\OneDrive - WORLD FASHION EXCHANGE INDIA P LIMITED\Desktop\qrProject\coupon_campaigns\.babelrc
✓ Compiled successfully in 31.0s
  Running TypeScript ...
  Finished TypeScript in 1290ms ...
  Collecting page data using 11 workers ...
  Generating static pages using 11 workers (0/92) ...
  Generating static pages using 11 workers (23/92) 
